12:22:19.500 [ApplicationImpl pooled thread 68] INFO  c.b.s.l.BrowserStackRunExtension - junit
12:22:19.501 [ApplicationImpl pooled thread 68] INFO  com.browserstack.sdk.utils.Helpers - null
12:22:19.501 [ApplicationImpl pooled thread 68] INFO  com.browserstack.sdk.utils.Helpers - /Users/MMONZO1/.m2/repository/com/browserstack/browserstack-java-sdk/1.21.0/browserstack-java-sdk-1.21.0.jar
12:22:19.501 [ApplicationImpl pooled thread 68] INFO  c.b.s.l.BrowserStackRunExtension - Agent path: /Users/MMONZO1/.m2/repository/com/browserstack/browserstack-java-sdk/1.21.0/browserstack-java-sdk-1.21.0.jar
12:22:19.501 [ApplicationImpl pooled thread 68] INFO  c.b.s.l.BrowserStackRunExtension - Adding Browserstack SDK javaagent argline
12:22:19.501 [ApplicationImpl pooled thread 68] INFO  c.b.s.l.BrowserStackRunExtension - Plugin version: 2.0.3-IC
12:22:46.946 [ApplicationImpl pooled thread 67] INFO  c.b.s.l.BrowserStackRunExtension - junit
12:22:46.946 [ApplicationImpl pooled thread 67] INFO  com.browserstack.sdk.utils.Helpers - null
12:22:46.947 [ApplicationImpl pooled thread 67] INFO  com.browserstack.sdk.utils.Helpers - /Users/MMONZO1/.m2/repository/com/browserstack/browserstack-java-sdk/1.21.0/browserstack-java-sdk-1.21.0.jar
12:22:46.947 [ApplicationImpl pooled thread 67] INFO  c.b.s.l.BrowserStackRunExtension - Agent path: /Users/MMONZO1/.m2/repository/com/browserstack/browserstack-java-sdk/1.21.0/browserstack-java-sdk-1.21.0.jar
12:22:46.947 [ApplicationImpl pooled thread 67] INFO  c.b.s.l.BrowserStackRunExtension - Adding Browserstack SDK javaagent argline
12:22:46.947 [ApplicationImpl pooled thread 67] INFO  c.b.s.l.BrowserStackRunExtension - Plugin version: 2.0.3-IC
12:22:53.345 [ApplicationImpl pooled thread 63] INFO  c.b.s.l.BrowserStackRunExtension - junit
12:22:53.345 [ApplicationImpl pooled thread 63] INFO  com.browserstack.sdk.utils.Helpers - null
12:22:53.345 [ApplicationImpl pooled thread 63] INFO  com.browserstack.sdk.utils.Helpers - /Users/MMONZO1/.m2/repository/com/browserstack/browserstack-java-sdk/1.21.0/browserstack-java-sdk-1.21.0.jar
12:22:53.345 [ApplicationImpl pooled thread 63] INFO  c.b.s.l.BrowserStackRunExtension - Agent path: /Users/MMONZO1/.m2/repository/com/browserstack/browserstack-java-sdk/1.21.0/browserstack-java-sdk-1.21.0.jar
12:22:53.345 [ApplicationImpl pooled thread 63] INFO  c.b.s.l.BrowserStackRunExtension - Adding Browserstack SDK javaagent argline
12:22:53.345 [ApplicationImpl pooled thread 63] INFO  c.b.s.l.BrowserStackRunExtension - Plugin version: 2.0.3-IC
12:24:39.540 [ApplicationImpl pooled thread 69] INFO  c.b.s.l.BrowserStackRunExtension - junit
12:24:39.540 [ApplicationImpl pooled thread 69] INFO  com.browserstack.sdk.utils.Helpers - null
12:24:39.540 [ApplicationImpl pooled thread 69] INFO  com.browserstack.sdk.utils.Helpers - /Users/MMONZO1/.m2/repository/com/browserstack/browserstack-java-sdk/1.21.0/browserstack-java-sdk-1.21.0.jar
12:24:39.540 [ApplicationImpl pooled thread 69] INFO  c.b.s.l.BrowserStackRunExtension - Agent path: /Users/MMONZO1/.m2/repository/com/browserstack/browserstack-java-sdk/1.21.0/browserstack-java-sdk-1.21.0.jar
12:24:39.540 [ApplicationImpl pooled thread 69] INFO  c.b.s.l.BrowserStackRunExtension - Adding Browserstack SDK javaagent argline
12:24:39.540 [ApplicationImpl pooled thread 69] INFO  c.b.s.l.BrowserStackRunExtension - Plugin version: 2.0.3-IC
12:25:06.027 [ApplicationImpl pooled thread 69] INFO  c.b.s.l.BrowserStackRunExtension - junit
12:25:06.027 [ApplicationImpl pooled thread 69] INFO  com.browserstack.sdk.utils.Helpers - null
12:25:06.029 [ApplicationImpl pooled thread 69] INFO  com.browserstack.sdk.utils.Helpers - /Users/MMONZO1/.m2/repository/com/browserstack/browserstack-java-sdk/1.21.0/browserstack-java-sdk-1.21.0.jar
12:25:06.029 [ApplicationImpl pooled thread 69] INFO  c.b.s.l.BrowserStackRunExtension - Agent path: /Users/MMONZO1/.m2/repository/com/browserstack/browserstack-java-sdk/1.21.0/browserstack-java-sdk-1.21.0.jar
12:25:06.029 [ApplicationImpl pooled thread 69] INFO  c.b.s.l.BrowserStackRunExtension - Adding Browserstack SDK javaagent argline
12:25:06.029 [ApplicationImpl pooled thread 69] INFO  c.b.s.l.BrowserStackRunExtension - Plugin version: 2.0.3-IC
12:25:49.351 [ApplicationImpl pooled thread 66] INFO  c.b.s.l.BrowserStackRunExtension - junit
12:25:49.352 [ApplicationImpl pooled thread 66] INFO  com.browserstack.sdk.utils.Helpers - null
12:25:49.353 [ApplicationImpl pooled thread 66] INFO  com.browserstack.sdk.utils.Helpers - /Users/MMONZO1/.m2/repository/com/browserstack/browserstack-java-sdk/1.21.0/browserstack-java-sdk-1.21.0.jar
12:25:49.353 [ApplicationImpl pooled thread 66] INFO  c.b.s.l.BrowserStackRunExtension - Agent path: /Users/MMONZO1/.m2/repository/com/browserstack/browserstack-java-sdk/1.21.0/browserstack-java-sdk-1.21.0.jar
12:25:49.353 [ApplicationImpl pooled thread 66] INFO  c.b.s.l.BrowserStackRunExtension - Adding Browserstack SDK javaagent argline
12:25:49.353 [ApplicationImpl pooled thread 66] INFO  c.b.s.l.BrowserStackRunExtension - Plugin version: 2.0.3-IC
12:27:12.687 [ApplicationImpl pooled thread 48] INFO  c.b.s.l.BrowserStackRunExtension - junit
12:27:12.687 [ApplicationImpl pooled thread 48] INFO  com.browserstack.sdk.utils.Helpers - null
12:27:12.688 [ApplicationImpl pooled thread 48] INFO  com.browserstack.sdk.utils.Helpers - /Users/MMONZO1/.m2/repository/com/browserstack/browserstack-java-sdk/1.21.0/browserstack-java-sdk-1.21.0.jar
12:27:12.688 [ApplicationImpl pooled thread 48] INFO  c.b.s.l.BrowserStackRunExtension - Agent path: /Users/MMONZO1/.m2/repository/com/browserstack/browserstack-java-sdk/1.21.0/browserstack-java-sdk-1.21.0.jar
12:27:12.688 [ApplicationImpl pooled thread 48] INFO  c.b.s.l.BrowserStackRunExtension - Adding Browserstack SDK javaagent argline
12:27:12.688 [ApplicationImpl pooled thread 48] INFO  c.b.s.l.BrowserStackRunExtension - Plugin version: 2.0.3-IC
12:31:26.488 [ApplicationImpl pooled thread 74] INFO  c.b.s.l.BrowserStackRunExtension - junit
12:31:26.488 [ApplicationImpl pooled thread 74] INFO  com.browserstack.sdk.utils.Helpers - null
12:31:26.490 [ApplicationImpl pooled thread 74] INFO  c.b.s.l.BrowserStackRunExtension - Agent path: null
12:31:43.848 [ApplicationImpl pooled thread 78] INFO  c.b.s.l.BrowserStackRunExtension - junit
12:31:43.848 [ApplicationImpl pooled thread 78] INFO  com.browserstack.sdk.utils.Helpers - null
12:31:43.848 [ApplicationImpl pooled thread 78] INFO  c.b.s.l.BrowserStackRunExtension - Agent path: null
12:32:47.467 [ApplicationImpl pooled thread 74] INFO  c.b.s.l.BrowserStackRunExtension - junit
12:32:47.467 [ApplicationImpl pooled thread 74] INFO  com.browserstack.sdk.utils.Helpers - null
12:32:47.468 [ApplicationImpl pooled thread 74] INFO  c.b.s.l.BrowserStackRunExtension - Agent path: null
12:33:40.081 [ApplicationImpl pooled thread 79] INFO  c.b.s.l.BrowserStackRunExtension - junit
12:33:40.081 [ApplicationImpl pooled thread 79] INFO  com.browserstack.sdk.utils.Helpers - null
12:33:40.081 [ApplicationImpl pooled thread 79] INFO  c.b.s.l.BrowserStackRunExtension - Agent path: null
12:45:32.646 [ApplicationImpl pooled thread 90] INFO  c.b.s.l.BrowserStackRunExtension - junit
12:45:32.646 [ApplicationImpl pooled thread 90] INFO  com.browserstack.sdk.utils.Helpers - null
12:45:32.649 [ApplicationImpl pooled thread 90] INFO  c.b.s.l.BrowserStackRunExtension - Agent path: null
12:45:43.163 [ApplicationImpl pooled thread 86] INFO  c.b.s.l.BrowserStackRunExtension - junit
12:45:43.163 [ApplicationImpl pooled thread 86] INFO  com.browserstack.sdk.utils.Helpers - null
12:45:43.163 [ApplicationImpl pooled thread 86] INFO  c.b.s.l.BrowserStackRunExtension - Agent path: null
12:45:58.538 [ApplicationImpl pooled thread 90] INFO  c.b.s.l.BrowserStackRunExtension - junit
12:45:58.538 [ApplicationImpl pooled thread 90] INFO  com.browserstack.sdk.utils.Helpers - null
12:45:58.540 [ApplicationImpl pooled thread 90] INFO  c.b.s.l.BrowserStackRunExtension - Agent path: null
12:47:49.455 [ApplicationImpl pooled thread 89] INFO  c.b.s.l.BrowserStackRunExtension - junit
12:47:49.455 [ApplicationImpl pooled thread 89] INFO  com.browserstack.sdk.utils.Helpers - null
12:47:49.458 [ApplicationImpl pooled thread 89] INFO  c.b.s.l.BrowserStackRunExtension - Agent path: null
14:35:07.193 [ApplicationImpl pooled thread 113] INFO  c.b.s.l.BrowserStackRunExtension - junit
14:35:07.193 [ApplicationImpl pooled thread 113] INFO  com.browserstack.sdk.utils.Helpers - null
14:35:07.194 [ApplicationImpl pooled thread 113] INFO  c.b.s.l.BrowserStackRunExtension - Agent path: null
14:58:10.181 [ApplicationImpl pooled thread 136] INFO  c.b.s.l.BrowserStackRunExtension - junit
14:58:10.181 [ApplicationImpl pooled thread 136] INFO  com.browserstack.sdk.utils.Helpers - null
14:58:10.184 [ApplicationImpl pooled thread 136] INFO  c.b.s.l.BrowserStackRunExtension - Agent path: null
14:59:39.812 [ApplicationImpl pooled thread 136] INFO  c.b.s.l.BrowserStackRunExtension - junit
14:59:39.812 [ApplicationImpl pooled thread 136] INFO  com.browserstack.sdk.utils.Helpers - null
14:59:39.813 [ApplicationImpl pooled thread 136] INFO  c.b.s.l.BrowserStackRunExtension - Agent path: null
15:15:35.012 [ApplicationImpl pooled thread 152] INFO  c.b.s.l.BrowserStackRunExtension - junit
15:15:35.012 [ApplicationImpl pooled thread 152] INFO  com.browserstack.sdk.utils.Helpers - null
15:15:35.016 [ApplicationImpl pooled thread 152] INFO  c.b.s.l.BrowserStackRunExtension - Agent path: null
15:17:55.419 [ApplicationImpl pooled thread 158] INFO  c.b.s.l.BrowserStackRunExtension - junit
15:17:55.419 [ApplicationImpl pooled thread 158] INFO  com.browserstack.sdk.utils.Helpers - null
15:17:55.420 [ApplicationImpl pooled thread 158] INFO  c.b.s.l.BrowserStackRunExtension - Agent path: null
15:26:58.389 [ApplicationImpl pooled thread 173] INFO  c.b.s.l.BrowserStackRunExtension - junit
15:26:58.389 [ApplicationImpl pooled thread 173] INFO  com.browserstack.sdk.utils.Helpers - null
15:26:58.391 [ApplicationImpl pooled thread 173] INFO  c.b.s.l.BrowserStackRunExtension - Agent path: null
15:36:21.209 [ApplicationImpl pooled thread 167] INFO  c.b.s.l.BrowserStackRunExtension - junit
15:36:21.209 [ApplicationImpl pooled thread 167] INFO  com.browserstack.sdk.utils.Helpers - null
15:36:21.212 [ApplicationImpl pooled thread 167] INFO  c.b.s.l.BrowserStackRunExtension - Agent path: null
15:36:29.730 [ApplicationImpl pooled thread 179] INFO  c.b.s.l.BrowserStackRunExtension - junit
15:36:29.730 [ApplicationImpl pooled thread 179] INFO  com.browserstack.sdk.utils.Helpers - null
15:36:29.731 [ApplicationImpl pooled thread 179] INFO  c.b.s.l.BrowserStackRunExtension - Agent path: null
15:37:14.052 [ApplicationImpl pooled thread 167] INFO  c.b.s.l.BrowserStackRunExtension - junit
15:37:14.053 [ApplicationImpl pooled thread 167] INFO  com.browserstack.sdk.utils.Helpers - null
15:37:14.056 [ApplicationImpl pooled thread 167] INFO  com.browserstack.sdk.utils.Helpers - /Users/MMONZO1/.m2/repository/com/browserstack/browserstack-java-sdk/1.21.0/browserstack-java-sdk-1.21.0.jar
15:37:14.056 [ApplicationImpl pooled thread 167] INFO  c.b.s.l.BrowserStackRunExtension - Agent path: /Users/MMONZO1/.m2/repository/com/browserstack/browserstack-java-sdk/1.21.0/browserstack-java-sdk-1.21.0.jar
15:37:14.056 [ApplicationImpl pooled thread 167] INFO  c.b.s.l.BrowserStackRunExtension - Replacing existing Browserstack SDK javaagent argline
15:37:14.056 [ApplicationImpl pooled thread 167] INFO  c.b.s.l.BrowserStackRunExtension - Plugin version: 2.0.3-IC
15:38:42.354 [ApplicationImpl pooled thread 180] INFO  c.b.s.l.BrowserStackRunExtension - junit
15:38:42.354 [ApplicationImpl pooled thread 180] INFO  com.browserstack.sdk.utils.Helpers - null
15:38:42.357 [ApplicationImpl pooled thread 180] INFO  com.browserstack.sdk.utils.Helpers - /Users/MMONZO1/.m2/repository/com/browserstack/browserstack-java-sdk/1.21.0/browserstack-java-sdk-1.21.0.jar
15:38:42.357 [ApplicationImpl pooled thread 180] INFO  c.b.s.l.BrowserStackRunExtension - Agent path: /Users/MMONZO1/.m2/repository/com/browserstack/browserstack-java-sdk/1.21.0/browserstack-java-sdk-1.21.0.jar
15:38:42.357 [ApplicationImpl pooled thread 180] INFO  c.b.s.l.BrowserStackRunExtension - Replacing existing Browserstack SDK javaagent argline
15:38:42.357 [ApplicationImpl pooled thread 180] INFO  c.b.s.l.BrowserStackRunExtension - Plugin version: 2.0.3-IC
15:38:53.675 [ApplicationImpl pooled thread 180] INFO  c.b.s.l.BrowserStackRunExtension - junit
15:38:53.675 [ApplicationImpl pooled thread 180] INFO  com.browserstack.sdk.utils.Helpers - null
15:38:53.675 [ApplicationImpl pooled thread 180] INFO  com.browserstack.sdk.utils.Helpers - /Users/MMONZO1/.m2/repository/com/browserstack/browserstack-java-sdk/1.21.0/browserstack-java-sdk-1.21.0.jar
15:38:53.675 [ApplicationImpl pooled thread 180] INFO  c.b.s.l.BrowserStackRunExtension - Agent path: /Users/MMONZO1/.m2/repository/com/browserstack/browserstack-java-sdk/1.21.0/browserstack-java-sdk-1.21.0.jar
15:38:53.675 [ApplicationImpl pooled thread 180] INFO  c.b.s.l.BrowserStackRunExtension - Replacing existing Browserstack SDK javaagent argline
15:38:53.675 [ApplicationImpl pooled thread 180] INFO  c.b.s.l.BrowserStackRunExtension - Plugin version: 2.0.3-IC
15:39:03.864 [ApplicationImpl pooled thread 181] INFO  c.b.s.l.BrowserStackRunExtension - junit
15:39:03.864 [ApplicationImpl pooled thread 181] INFO  com.browserstack.sdk.utils.Helpers - null
15:39:03.865 [ApplicationImpl pooled thread 181] INFO  com.browserstack.sdk.utils.Helpers - /Users/MMONZO1/.m2/repository/com/browserstack/browserstack-java-sdk/1.21.0/browserstack-java-sdk-1.21.0.jar
15:39:03.865 [ApplicationImpl pooled thread 181] INFO  c.b.s.l.BrowserStackRunExtension - Agent path: /Users/MMONZO1/.m2/repository/com/browserstack/browserstack-java-sdk/1.21.0/browserstack-java-sdk-1.21.0.jar
15:39:03.865 [ApplicationImpl pooled thread 181] INFO  c.b.s.l.BrowserStackRunExtension - Replacing existing Browserstack SDK javaagent argline
15:39:03.865 [ApplicationImpl pooled thread 181] INFO  c.b.s.l.BrowserStackRunExtension - Plugin version: 2.0.3-IC
15:40:10.691 [ApplicationImpl pooled thread 181] INFO  c.b.s.l.BrowserStackRunExtension - junit
15:40:10.691 [ApplicationImpl pooled thread 181] INFO  com.browserstack.sdk.utils.Helpers - null
15:40:10.692 [ApplicationImpl pooled thread 181] INFO  com.browserstack.sdk.utils.Helpers - /Users/MMONZO1/.m2/repository/com/browserstack/browserstack-java-sdk/1.21.0/browserstack-java-sdk-1.21.0.jar
15:40:10.692 [ApplicationImpl pooled thread 181] INFO  c.b.s.l.BrowserStackRunExtension - Agent path: /Users/MMONZO1/.m2/repository/com/browserstack/browserstack-java-sdk/1.21.0/browserstack-java-sdk-1.21.0.jar
15:40:10.692 [ApplicationImpl pooled thread 181] INFO  c.b.s.l.BrowserStackRunExtension - Replacing existing Browserstack SDK javaagent argline
15:40:10.692 [ApplicationImpl pooled thread 181] INFO  c.b.s.l.BrowserStackRunExtension - Plugin version: 2.0.3-IC
15:41:47.064 [ApplicationImpl pooled thread 183] INFO  c.b.s.l.BrowserStackRunExtension - junit
15:41:47.064 [ApplicationImpl pooled thread 183] INFO  com.browserstack.sdk.utils.Helpers - null
15:41:47.067 [ApplicationImpl pooled thread 183] INFO  com.browserstack.sdk.utils.Helpers - /Users/MMONZO1/.m2/repository/com/browserstack/browserstack-java-sdk/1.21.0/browserstack-java-sdk-1.21.0.jar
15:41:47.067 [ApplicationImpl pooled thread 183] INFO  c.b.s.l.BrowserStackRunExtension - Agent path: /Users/MMONZO1/.m2/repository/com/browserstack/browserstack-java-sdk/1.21.0/browserstack-java-sdk-1.21.0.jar
15:41:47.067 [ApplicationImpl pooled thread 183] INFO  c.b.s.l.BrowserStackRunExtension - Replacing existing Browserstack SDK javaagent argline
15:41:47.067 [ApplicationImpl pooled thread 183] INFO  c.b.s.l.BrowserStackRunExtension - Plugin version: 2.0.3-IC
15:42:24.020 [ApplicationImpl pooled thread 183] INFO  c.b.s.l.BrowserStackRunExtension - junit
15:42:24.021 [ApplicationImpl pooled thread 183] INFO  com.browserstack.sdk.utils.Helpers - null
15:42:24.021 [ApplicationImpl pooled thread 183] INFO  com.browserstack.sdk.utils.Helpers - /Users/MMONZO1/.m2/repository/com/browserstack/browserstack-java-sdk/1.21.0/browserstack-java-sdk-1.21.0.jar
15:42:24.021 [ApplicationImpl pooled thread 183] INFO  c.b.s.l.BrowserStackRunExtension - Agent path: /Users/MMONZO1/.m2/repository/com/browserstack/browserstack-java-sdk/1.21.0/browserstack-java-sdk-1.21.0.jar
15:42:24.021 [ApplicationImpl pooled thread 183] INFO  c.b.s.l.BrowserStackRunExtension - Replacing existing Browserstack SDK javaagent argline
15:42:24.021 [ApplicationImpl pooled thread 183] INFO  c.b.s.l.BrowserStackRunExtension - Plugin version: 2.0.3-IC
15:42:32.831 [ApplicationImpl pooled thread 181] INFO  c.b.s.l.BrowserStackRunExtension - junit
15:42:32.832 [ApplicationImpl pooled thread 181] INFO  com.browserstack.sdk.utils.Helpers - null
15:42:32.832 [ApplicationImpl pooled thread 181] INFO  com.browserstack.sdk.utils.Helpers - /Users/MMONZO1/.m2/repository/com/browserstack/browserstack-java-sdk/1.21.0/browserstack-java-sdk-1.21.0.jar
15:42:32.832 [ApplicationImpl pooled thread 181] INFO  c.b.s.l.BrowserStackRunExtension - Agent path: /Users/MMONZO1/.m2/repository/com/browserstack/browserstack-java-sdk/1.21.0/browserstack-java-sdk-1.21.0.jar
15:42:32.832 [ApplicationImpl pooled thread 181] INFO  c.b.s.l.BrowserStackRunExtension - Replacing existing Browserstack SDK javaagent argline
15:42:32.832 [ApplicationImpl pooled thread 181] INFO  c.b.s.l.BrowserStackRunExtension - Plugin version: 2.0.3-IC
15:43:06.696 [ApplicationImpl pooled thread 183] INFO  c.b.s.l.BrowserStackRunExtension - junit
15:43:06.696 [ApplicationImpl pooled thread 183] INFO  com.browserstack.sdk.utils.Helpers - null
15:43:06.696 [ApplicationImpl pooled thread 183] INFO  com.browserstack.sdk.utils.Helpers - /Users/MMONZO1/.m2/repository/com/browserstack/browserstack-java-sdk/1.21.0/browserstack-java-sdk-1.21.0.jar
15:43:06.696 [ApplicationImpl pooled thread 183] INFO  c.b.s.l.BrowserStackRunExtension - Agent path: /Users/MMONZO1/.m2/repository/com/browserstack/browserstack-java-sdk/1.21.0/browserstack-java-sdk-1.21.0.jar
15:43:06.696 [ApplicationImpl pooled thread 183] INFO  c.b.s.l.BrowserStackRunExtension - Replacing existing Browserstack SDK javaagent argline
15:43:06.696 [ApplicationImpl pooled thread 183] INFO  c.b.s.l.BrowserStackRunExtension - Plugin version: 2.0.3-IC
15:44:17.886 [ApplicationImpl pooled thread 186] INFO  c.b.s.l.BrowserStackRunExtension - junit
15:44:17.886 [ApplicationImpl pooled thread 186] INFO  com.browserstack.sdk.utils.Helpers - null
15:44:17.887 [ApplicationImpl pooled thread 186] INFO  com.browserstack.sdk.utils.Helpers - /Users/MMONZO1/.m2/repository/com/browserstack/browserstack-java-sdk/1.21.0/browserstack-java-sdk-1.21.0.jar
15:44:17.887 [ApplicationImpl pooled thread 186] INFO  c.b.s.l.BrowserStackRunExtension - Agent path: /Users/MMONZO1/.m2/repository/com/browserstack/browserstack-java-sdk/1.21.0/browserstack-java-sdk-1.21.0.jar
15:44:17.887 [ApplicationImpl pooled thread 186] INFO  c.b.s.l.BrowserStackRunExtension - Replacing existing Browserstack SDK javaagent argline
15:44:17.887 [ApplicationImpl pooled thread 186] INFO  c.b.s.l.BrowserStackRunExtension - Plugin version: 2.0.3-IC
15:44:26.626 [ApplicationImpl pooled thread 185] INFO  c.b.s.l.BrowserStackRunExtension - junit
15:44:26.626 [ApplicationImpl pooled thread 185] INFO  com.browserstack.sdk.utils.Helpers - null
15:44:26.626 [ApplicationImpl pooled thread 185] INFO  com.browserstack.sdk.utils.Helpers - /Users/MMONZO1/.m2/repository/com/browserstack/browserstack-java-sdk/1.21.0/browserstack-java-sdk-1.21.0.jar
15:44:26.626 [ApplicationImpl pooled thread 185] INFO  c.b.s.l.BrowserStackRunExtension - Agent path: /Users/MMONZO1/.m2/repository/com/browserstack/browserstack-java-sdk/1.21.0/browserstack-java-sdk-1.21.0.jar
15:44:26.626 [ApplicationImpl pooled thread 185] INFO  c.b.s.l.BrowserStackRunExtension - Replacing existing Browserstack SDK javaagent argline
15:44:26.626 [ApplicationImpl pooled thread 185] INFO  c.b.s.l.BrowserStackRunExtension - Plugin version: 2.0.3-IC
15:53:09.401 [ApplicationImpl pooled thread 188] INFO  c.b.s.l.BrowserStackRunExtension - junit
15:53:09.401 [ApplicationImpl pooled thread 188] INFO  com.browserstack.sdk.utils.Helpers - null
15:53:09.402 [ApplicationImpl pooled thread 188] INFO  com.browserstack.sdk.utils.Helpers - /Users/MMONZO1/.m2/repository/com/browserstack/browserstack-java-sdk/1.21.0/browserstack-java-sdk-1.21.0.jar
15:53:09.402 [ApplicationImpl pooled thread 188] INFO  c.b.s.l.BrowserStackRunExtension - Agent path: /Users/MMONZO1/.m2/repository/com/browserstack/browserstack-java-sdk/1.21.0/browserstack-java-sdk-1.21.0.jar
15:53:09.402 [ApplicationImpl pooled thread 188] INFO  c.b.s.l.BrowserStackRunExtension - Replacing existing Browserstack SDK javaagent argline
15:53:09.402 [ApplicationImpl pooled thread 188] INFO  c.b.s.l.BrowserStackRunExtension - Plugin version: 2.0.3-IC
15:53:24.061 [ApplicationImpl pooled thread 189] INFO  c.b.s.l.BrowserStackRunExtension - junit
15:53:24.061 [ApplicationImpl pooled thread 189] INFO  com.browserstack.sdk.utils.Helpers - null
15:53:24.062 [ApplicationImpl pooled thread 189] INFO  com.browserstack.sdk.utils.Helpers - /Users/MMONZO1/.m2/repository/com/browserstack/browserstack-java-sdk/1.21.0/browserstack-java-sdk-1.21.0.jar
15:53:24.062 [ApplicationImpl pooled thread 189] INFO  c.b.s.l.BrowserStackRunExtension - Agent path: /Users/MMONZO1/.m2/repository/com/browserstack/browserstack-java-sdk/1.21.0/browserstack-java-sdk-1.21.0.jar
15:53:24.062 [ApplicationImpl pooled thread 189] INFO  c.b.s.l.BrowserStackRunExtension - Replacing existing Browserstack SDK javaagent argline
15:53:24.062 [ApplicationImpl pooled thread 189] INFO  c.b.s.l.BrowserStackRunExtension - Plugin version: 2.0.3-IC
15:55:51.246 [ApplicationImpl pooled thread 191] INFO  c.b.s.l.BrowserStackRunExtension - junit
15:55:51.247 [ApplicationImpl pooled thread 191] INFO  com.browserstack.sdk.utils.Helpers - null
15:55:51.247 [ApplicationImpl pooled thread 191] INFO  com.browserstack.sdk.utils.Helpers - /Users/MMONZO1/.m2/repository/com/browserstack/browserstack-java-sdk/1.21.0/browserstack-java-sdk-1.21.0.jar
15:55:51.247 [ApplicationImpl pooled thread 191] INFO  c.b.s.l.BrowserStackRunExtension - Agent path: /Users/MMONZO1/.m2/repository/com/browserstack/browserstack-java-sdk/1.21.0/browserstack-java-sdk-1.21.0.jar
15:55:51.247 [ApplicationImpl pooled thread 191] INFO  c.b.s.l.BrowserStackRunExtension - Replacing existing Browserstack SDK javaagent argline
15:55:51.247 [ApplicationImpl pooled thread 191] INFO  c.b.s.l.BrowserStackRunExtension - Plugin version: 2.0.3-IC
15:55:59.869 [ApplicationImpl pooled thread 191] INFO  c.b.s.l.BrowserStackRunExtension - junit
15:55:59.869 [ApplicationImpl pooled thread 191] INFO  com.browserstack.sdk.utils.Helpers - null
15:55:59.869 [ApplicationImpl pooled thread 191] INFO  com.browserstack.sdk.utils.Helpers - /Users/MMONZO1/.m2/repository/com/browserstack/browserstack-java-sdk/1.21.0/browserstack-java-sdk-1.21.0.jar
15:55:59.869 [ApplicationImpl pooled thread 191] INFO  c.b.s.l.BrowserStackRunExtension - Agent path: /Users/MMONZO1/.m2/repository/com/browserstack/browserstack-java-sdk/1.21.0/browserstack-java-sdk-1.21.0.jar
15:55:59.869 [ApplicationImpl pooled thread 191] INFO  c.b.s.l.BrowserStackRunExtension - Replacing existing Browserstack SDK javaagent argline
15:55:59.870 [ApplicationImpl pooled thread 191] INFO  c.b.s.l.BrowserStackRunExtension - Plugin version: 2.0.3-IC
10:41:17.188 [ApplicationImpl pooled thread 303] INFO  c.b.s.l.BrowserStackRunExtension - junit
10:41:17.189 [ApplicationImpl pooled thread 303] INFO  com.browserstack.sdk.utils.Helpers - null
10:41:17.189 [ApplicationImpl pooled thread 303] INFO  com.browserstack.sdk.utils.Helpers - /Users/MMONZO1/.m2/repository/com/browserstack/browserstack-java-sdk/1.21.0/browserstack-java-sdk-1.21.0.jar
10:41:17.189 [ApplicationImpl pooled thread 303] INFO  c.b.s.l.BrowserStackRunExtension - Agent path: /Users/MMONZO1/.m2/repository/com/browserstack/browserstack-java-sdk/1.21.0/browserstack-java-sdk-1.21.0.jar
10:41:17.189 [ApplicationImpl pooled thread 303] INFO  c.b.s.l.BrowserStackRunExtension - Replacing existing Browserstack SDK javaagent argline
10:41:17.189 [ApplicationImpl pooled thread 303] INFO  c.b.s.l.BrowserStackRunExtension - Plugin version: 2.0.3-IC
10:43:10.943 [ApplicationImpl pooled thread 307] INFO  c.b.s.l.BrowserStackRunExtension - junit
10:43:10.943 [ApplicationImpl pooled thread 307] INFO  com.browserstack.sdk.utils.Helpers - null
10:43:10.946 [ApplicationImpl pooled thread 307] INFO  com.browserstack.sdk.utils.Helpers - /Users/MMONZO1/.m2/repository/com/browserstack/browserstack-java-sdk/1.21.0/browserstack-java-sdk-1.21.0.jar
10:43:10.946 [ApplicationImpl pooled thread 307] INFO  c.b.s.l.BrowserStackRunExtension - Agent path: /Users/MMONZO1/.m2/repository/com/browserstack/browserstack-java-sdk/1.21.0/browserstack-java-sdk-1.21.0.jar
10:43:10.946 [ApplicationImpl pooled thread 307] INFO  c.b.s.l.BrowserStackRunExtension - Replacing existing Browserstack SDK javaagent argline
10:43:10.946 [ApplicationImpl pooled thread 307] INFO  c.b.s.l.BrowserStackRunExtension - Plugin version: 2.0.3-IC
10:50:40.080 [ApplicationImpl pooled thread 307] INFO  c.b.s.l.BrowserStackRunExtension - junit
10:50:40.080 [ApplicationImpl pooled thread 307] INFO  com.browserstack.sdk.utils.Helpers - null
10:50:40.083 [ApplicationImpl pooled thread 307] INFO  com.browserstack.sdk.utils.Helpers - /Users/MMONZO1/.m2/repository/com/browserstack/browserstack-java-sdk/1.21.0/browserstack-java-sdk-1.21.0.jar
10:50:40.083 [ApplicationImpl pooled thread 307] INFO  c.b.s.l.BrowserStackRunExtension - Agent path: /Users/MMONZO1/.m2/repository/com/browserstack/browserstack-java-sdk/1.21.0/browserstack-java-sdk-1.21.0.jar
10:50:40.084 [ApplicationImpl pooled thread 307] INFO  c.b.s.l.BrowserStackRunExtension - Replacing existing Browserstack SDK javaagent argline
10:50:40.084 [ApplicationImpl pooled thread 307] INFO  c.b.s.l.BrowserStackRunExtension - Plugin version: 2.0.3-IC
10:50:56.142 [ApplicationImpl pooled thread 315] INFO  c.b.s.l.BrowserStackRunExtension - junit
10:50:56.142 [ApplicationImpl pooled thread 315] INFO  com.browserstack.sdk.utils.Helpers - null
10:50:56.144 [ApplicationImpl pooled thread 315] INFO  com.browserstack.sdk.utils.Helpers - /Users/MMONZO1/.m2/repository/com/browserstack/browserstack-java-sdk/1.21.0/browserstack-java-sdk-1.21.0.jar
10:50:56.144 [ApplicationImpl pooled thread 315] INFO  c.b.s.l.BrowserStackRunExtension - Agent path: /Users/MMONZO1/.m2/repository/com/browserstack/browserstack-java-sdk/1.21.0/browserstack-java-sdk-1.21.0.jar
10:50:56.144 [ApplicationImpl pooled thread 315] INFO  c.b.s.l.BrowserStackRunExtension - Replacing existing Browserstack SDK javaagent argline
10:50:56.144 [ApplicationImpl pooled thread 315] INFO  c.b.s.l.BrowserStackRunExtension - Plugin version: 2.0.3-IC
10:58:30.900 [ApplicationImpl pooled thread 314] INFO  c.b.s.l.BrowserStackRunExtension - junit
10:58:30.900 [ApplicationImpl pooled thread 314] INFO  com.browserstack.sdk.utils.Helpers - null
10:58:30.902 [ApplicationImpl pooled thread 314] INFO  com.browserstack.sdk.utils.Helpers - /Users/MMONZO1/.m2/repository/com/browserstack/browserstack-java-sdk/1.21.0/browserstack-java-sdk-1.21.0.jar
10:58:30.902 [ApplicationImpl pooled thread 314] INFO  c.b.s.l.BrowserStackRunExtension - Agent path: /Users/MMONZO1/.m2/repository/com/browserstack/browserstack-java-sdk/1.21.0/browserstack-java-sdk-1.21.0.jar
10:58:30.902 [ApplicationImpl pooled thread 314] INFO  c.b.s.l.BrowserStackRunExtension - Replacing existing Browserstack SDK javaagent argline
10:58:30.902 [ApplicationImpl pooled thread 314] INFO  c.b.s.l.BrowserStackRunExtension - Plugin version: 2.0.3-IC
11:03:09.162 [ApplicationImpl pooled thread 324] INFO  c.b.s.l.BrowserStackRunExtension - junit
11:03:09.162 [ApplicationImpl pooled thread 324] INFO  com.browserstack.sdk.utils.Helpers - null
11:03:09.164 [ApplicationImpl pooled thread 324] INFO  com.browserstack.sdk.utils.Helpers - /Users/MMONZO1/.m2/repository/com/browserstack/browserstack-java-sdk/1.21.0/browserstack-java-sdk-1.21.0.jar
11:03:09.164 [ApplicationImpl pooled thread 324] INFO  c.b.s.l.BrowserStackRunExtension - Agent path: /Users/MMONZO1/.m2/repository/com/browserstack/browserstack-java-sdk/1.21.0/browserstack-java-sdk-1.21.0.jar
11:03:09.164 [ApplicationImpl pooled thread 324] INFO  c.b.s.l.BrowserStackRunExtension - Replacing existing Browserstack SDK javaagent argline
11:03:09.164 [ApplicationImpl pooled thread 324] INFO  c.b.s.l.BrowserStackRunExtension - Plugin version: 2.0.3-IC
11:04:36.785 [ApplicationImpl pooled thread 324] INFO  c.b.s.l.BrowserStackRunExtension - junit
11:04:36.785 [ApplicationImpl pooled thread 324] INFO  com.browserstack.sdk.utils.Helpers - null
11:04:36.785 [ApplicationImpl pooled thread 324] INFO  com.browserstack.sdk.utils.Helpers - /Users/MMONZO1/.m2/repository/com/browserstack/browserstack-java-sdk/1.21.0/browserstack-java-sdk-1.21.0.jar
11:04:36.785 [ApplicationImpl pooled thread 324] INFO  c.b.s.l.BrowserStackRunExtension - Agent path: /Users/MMONZO1/.m2/repository/com/browserstack/browserstack-java-sdk/1.21.0/browserstack-java-sdk-1.21.0.jar
11:04:36.785 [ApplicationImpl pooled thread 324] INFO  c.b.s.l.BrowserStackRunExtension - Replacing existing Browserstack SDK javaagent argline
11:04:36.785 [ApplicationImpl pooled thread 324] INFO  c.b.s.l.BrowserStackRunExtension - Plugin version: 2.0.3-IC
11:08:18.013 [ApplicationImpl pooled thread 324] INFO  c.b.s.l.BrowserStackRunExtension - junit
11:08:18.013 [ApplicationImpl pooled thread 324] INFO  com.browserstack.sdk.utils.Helpers - null
11:08:18.016 [ApplicationImpl pooled thread 324] INFO  com.browserstack.sdk.utils.Helpers - /Users/MMONZO1/.m2/repository/com/browserstack/browserstack-java-sdk/1.21.0/browserstack-java-sdk-1.21.0.jar
11:08:18.016 [ApplicationImpl pooled thread 324] INFO  c.b.s.l.BrowserStackRunExtension - Agent path: /Users/MMONZO1/.m2/repository/com/browserstack/browserstack-java-sdk/1.21.0/browserstack-java-sdk-1.21.0.jar
11:08:18.016 [ApplicationImpl pooled thread 324] INFO  c.b.s.l.BrowserStackRunExtension - Replacing existing Browserstack SDK javaagent argline
11:08:18.016 [ApplicationImpl pooled thread 324] INFO  c.b.s.l.BrowserStackRunExtension - Plugin version: 2.0.3-IC
11:08:33.352 [ApplicationImpl pooled thread 327] INFO  c.b.s.l.BrowserStackRunExtension - junit
11:08:33.352 [ApplicationImpl pooled thread 327] INFO  com.browserstack.sdk.utils.Helpers - null
11:08:33.354 [ApplicationImpl pooled thread 327] INFO  com.browserstack.sdk.utils.Helpers - /Users/MMONZO1/.m2/repository/com/browserstack/browserstack-java-sdk/1.21.0/browserstack-java-sdk-1.21.0.jar
11:08:33.354 [ApplicationImpl pooled thread 327] INFO  c.b.s.l.BrowserStackRunExtension - Agent path: /Users/MMONZO1/.m2/repository/com/browserstack/browserstack-java-sdk/1.21.0/browserstack-java-sdk-1.21.0.jar
11:08:33.354 [ApplicationImpl pooled thread 327] INFO  c.b.s.l.BrowserStackRunExtension - Replacing existing Browserstack SDK javaagent argline
11:08:33.354 [ApplicationImpl pooled thread 327] INFO  c.b.s.l.BrowserStackRunExtension - Plugin version: 2.0.3-IC
11:08:50.707 [ApplicationImpl pooled thread 323] INFO  c.b.s.l.BrowserStackRunExtension - junit
11:08:50.707 [ApplicationImpl pooled thread 323] INFO  com.browserstack.sdk.utils.Helpers - null
11:08:50.708 [ApplicationImpl pooled thread 323] INFO  com.browserstack.sdk.utils.Helpers - /Users/MMONZO1/.m2/repository/com/browserstack/browserstack-java-sdk/1.21.0/browserstack-java-sdk-1.21.0.jar
11:08:50.708 [ApplicationImpl pooled thread 323] INFO  c.b.s.l.BrowserStackRunExtension - Agent path: /Users/MMONZO1/.m2/repository/com/browserstack/browserstack-java-sdk/1.21.0/browserstack-java-sdk-1.21.0.jar
11:08:50.708 [ApplicationImpl pooled thread 323] INFO  c.b.s.l.BrowserStackRunExtension - Replacing existing Browserstack SDK javaagent argline
11:08:50.708 [ApplicationImpl pooled thread 323] INFO  c.b.s.l.BrowserStackRunExtension - Plugin version: 2.0.3-IC
11:10:11.586 [ApplicationImpl pooled thread 327] INFO  c.b.s.l.BrowserStackRunExtension - junit
11:10:11.586 [ApplicationImpl pooled thread 327] INFO  com.browserstack.sdk.utils.Helpers - null
11:10:11.589 [ApplicationImpl pooled thread 327] INFO  com.browserstack.sdk.utils.Helpers - /Users/MMONZO1/.m2/repository/com/browserstack/browserstack-java-sdk/1.21.0/browserstack-java-sdk-1.21.0.jar
11:10:11.589 [ApplicationImpl pooled thread 327] INFO  c.b.s.l.BrowserStackRunExtension - Agent path: /Users/MMONZO1/.m2/repository/com/browserstack/browserstack-java-sdk/1.21.0/browserstack-java-sdk-1.21.0.jar
11:10:11.589 [ApplicationImpl pooled thread 327] INFO  c.b.s.l.BrowserStackRunExtension - Replacing existing Browserstack SDK javaagent argline
11:10:11.590 [ApplicationImpl pooled thread 327] INFO  c.b.s.l.BrowserStackRunExtension - Plugin version: 2.0.3-IC
11:11:00.554 [ApplicationImpl pooled thread 324] INFO  c.b.s.l.BrowserStackRunExtension - junit
11:11:00.554 [ApplicationImpl pooled thread 324] INFO  com.browserstack.sdk.utils.Helpers - null
11:11:00.554 [ApplicationImpl pooled thread 324] INFO  com.browserstack.sdk.utils.Helpers - /Users/MMONZO1/.m2/repository/com/browserstack/browserstack-java-sdk/1.21.0/browserstack-java-sdk-1.21.0.jar
11:11:00.554 [ApplicationImpl pooled thread 324] INFO  c.b.s.l.BrowserStackRunExtension - Agent path: /Users/MMONZO1/.m2/repository/com/browserstack/browserstack-java-sdk/1.21.0/browserstack-java-sdk-1.21.0.jar
11:11:00.554 [ApplicationImpl pooled thread 324] INFO  c.b.s.l.BrowserStackRunExtension - Replacing existing Browserstack SDK javaagent argline
11:11:00.554 [ApplicationImpl pooled thread 324] INFO  c.b.s.l.BrowserStackRunExtension - Plugin version: 2.0.3-IC
11:15:06.519 [ApplicationImpl pooled thread 328] INFO  c.b.s.l.BrowserStackRunExtension - junit
11:15:06.519 [ApplicationImpl pooled thread 328] INFO  com.browserstack.sdk.utils.Helpers - null
11:15:06.520 [ApplicationImpl pooled thread 328] INFO  com.browserstack.sdk.utils.Helpers - /Users/MMONZO1/.m2/repository/com/browserstack/browserstack-java-sdk/1.21.0/browserstack-java-sdk-1.21.0.jar
11:15:06.520 [ApplicationImpl pooled thread 328] INFO  c.b.s.l.BrowserStackRunExtension - Agent path: /Users/MMONZO1/.m2/repository/com/browserstack/browserstack-java-sdk/1.21.0/browserstack-java-sdk-1.21.0.jar
11:15:06.520 [ApplicationImpl pooled thread 328] INFO  c.b.s.l.BrowserStackRunExtension - Replacing existing Browserstack SDK javaagent argline
11:15:06.520 [ApplicationImpl pooled thread 328] INFO  c.b.s.l.BrowserStackRunExtension - Plugin version: 2.0.3-IC
11:16:01.555 [ApplicationImpl pooled thread 334] INFO  c.b.s.l.BrowserStackRunExtension - junit
11:16:01.555 [ApplicationImpl pooled thread 334] INFO  com.browserstack.sdk.utils.Helpers - null
11:16:01.556 [ApplicationImpl pooled thread 334] INFO  com.browserstack.sdk.utils.Helpers - /Users/MMONZO1/.m2/repository/com/browserstack/browserstack-java-sdk/1.21.0/browserstack-java-sdk-1.21.0.jar
11:16:01.556 [ApplicationImpl pooled thread 334] INFO  c.b.s.l.BrowserStackRunExtension - Agent path: /Users/MMONZO1/.m2/repository/com/browserstack/browserstack-java-sdk/1.21.0/browserstack-java-sdk-1.21.0.jar
11:16:01.556 [ApplicationImpl pooled thread 334] INFO  c.b.s.l.BrowserStackRunExtension - Replacing existing Browserstack SDK javaagent argline
11:16:01.556 [ApplicationImpl pooled thread 334] INFO  c.b.s.l.BrowserStackRunExtension - Plugin version: 2.0.3-IC
11:16:07.147 [ApplicationImpl pooled thread 337] INFO  c.b.s.l.BrowserStackRunExtension - junit
11:16:07.147 [ApplicationImpl pooled thread 337] INFO  com.browserstack.sdk.utils.Helpers - null
11:16:07.148 [ApplicationImpl pooled thread 337] INFO  com.browserstack.sdk.utils.Helpers - /Users/MMONZO1/.m2/repository/com/browserstack/browserstack-java-sdk/1.21.0/browserstack-java-sdk-1.21.0.jar
11:16:07.148 [ApplicationImpl pooled thread 337] INFO  c.b.s.l.BrowserStackRunExtension - Agent path: /Users/MMONZO1/.m2/repository/com/browserstack/browserstack-java-sdk/1.21.0/browserstack-java-sdk-1.21.0.jar
11:16:07.148 [ApplicationImpl pooled thread 337] INFO  c.b.s.l.BrowserStackRunExtension - Replacing existing Browserstack SDK javaagent argline
11:16:07.148 [ApplicationImpl pooled thread 337] INFO  c.b.s.l.BrowserStackRunExtension - Plugin version: 2.0.3-IC
11:16:17.012 [ApplicationImpl pooled thread 334] INFO  c.b.s.l.BrowserStackRunExtension - junit
11:16:17.012 [ApplicationImpl pooled thread 334] INFO  com.browserstack.sdk.utils.Helpers - null
11:16:17.012 [ApplicationImpl pooled thread 334] INFO  com.browserstack.sdk.utils.Helpers - /Users/MMONZO1/.m2/repository/com/browserstack/browserstack-java-sdk/1.21.0/browserstack-java-sdk-1.21.0.jar
11:16:17.012 [ApplicationImpl pooled thread 334] INFO  c.b.s.l.BrowserStackRunExtension - Agent path: /Users/MMONZO1/.m2/repository/com/browserstack/browserstack-java-sdk/1.21.0/browserstack-java-sdk-1.21.0.jar
11:16:17.012 [ApplicationImpl pooled thread 334] INFO  c.b.s.l.BrowserStackRunExtension - Replacing existing Browserstack SDK javaagent argline
11:16:17.012 [ApplicationImpl pooled thread 334] INFO  c.b.s.l.BrowserStackRunExtension - Plugin version: 2.0.3-IC
11:17:10.533 [ApplicationImpl pooled thread 331] INFO  c.b.s.l.BrowserStackRunExtension - junit
11:17:10.533 [ApplicationImpl pooled thread 331] INFO  com.browserstack.sdk.utils.Helpers - null
11:17:10.534 [ApplicationImpl pooled thread 331] INFO  com.browserstack.sdk.utils.Helpers - /Users/MMONZO1/.m2/repository/com/browserstack/browserstack-java-sdk/1.21.0/browserstack-java-sdk-1.21.0.jar
11:17:10.534 [ApplicationImpl pooled thread 331] INFO  c.b.s.l.BrowserStackRunExtension - Agent path: /Users/MMONZO1/.m2/repository/com/browserstack/browserstack-java-sdk/1.21.0/browserstack-java-sdk-1.21.0.jar
11:17:10.534 [ApplicationImpl pooled thread 331] INFO  c.b.s.l.BrowserStackRunExtension - Replacing existing Browserstack SDK javaagent argline
11:17:10.534 [ApplicationImpl pooled thread 331] INFO  c.b.s.l.BrowserStackRunExtension - Plugin version: 2.0.3-IC
11:22:04.434 [ApplicationImpl pooled thread 331] INFO  c.b.s.l.BrowserStackRunExtension - junit
11:22:04.435 [ApplicationImpl pooled thread 331] INFO  com.browserstack.sdk.utils.Helpers - null
11:22:04.436 [ApplicationImpl pooled thread 331] INFO  com.browserstack.sdk.utils.Helpers - /Users/MMONZO1/.m2/repository/com/browserstack/browserstack-java-sdk/1.21.0/browserstack-java-sdk-1.21.0.jar
11:22:04.437 [ApplicationImpl pooled thread 331] INFO  c.b.s.l.BrowserStackRunExtension - Agent path: /Users/MMONZO1/.m2/repository/com/browserstack/browserstack-java-sdk/1.21.0/browserstack-java-sdk-1.21.0.jar
11:22:04.437 [ApplicationImpl pooled thread 331] INFO  c.b.s.l.BrowserStackRunExtension - Replacing existing Browserstack SDK javaagent argline
11:22:04.437 [ApplicationImpl pooled thread 331] INFO  c.b.s.l.BrowserStackRunExtension - Plugin version: 2.0.3-IC
11:39:15.209 [ApplicationImpl pooled thread 351] INFO  c.b.s.l.BrowserStackRunExtension - junit
11:39:15.209 [ApplicationImpl pooled thread 351] INFO  com.browserstack.sdk.utils.Helpers - null
11:39:15.210 [ApplicationImpl pooled thread 351] INFO  com.browserstack.sdk.utils.Helpers - /Users/MMONZO1/.m2/repository/com/browserstack/browserstack-java-sdk/1.21.0/browserstack-java-sdk-1.21.0.jar
11:39:15.210 [ApplicationImpl pooled thread 351] INFO  c.b.s.l.BrowserStackRunExtension - Agent path: /Users/MMONZO1/.m2/repository/com/browserstack/browserstack-java-sdk/1.21.0/browserstack-java-sdk-1.21.0.jar
11:39:15.210 [ApplicationImpl pooled thread 351] INFO  c.b.s.l.BrowserStackRunExtension - Replacing existing Browserstack SDK javaagent argline
11:39:15.210 [ApplicationImpl pooled thread 351] INFO  c.b.s.l.BrowserStackRunExtension - Plugin version: 2.0.3-IC
11:39:41.966 [ApplicationImpl pooled thread 351] INFO  c.b.s.l.BrowserStackRunExtension - junit
11:39:41.966 [ApplicationImpl pooled thread 351] INFO  com.browserstack.sdk.utils.Helpers - null
11:39:41.967 [ApplicationImpl pooled thread 351] INFO  com.browserstack.sdk.utils.Helpers - /Users/MMONZO1/.m2/repository/com/browserstack/browserstack-java-sdk/1.21.0/browserstack-java-sdk-1.21.0.jar
11:39:41.967 [ApplicationImpl pooled thread 351] INFO  c.b.s.l.BrowserStackRunExtension - Agent path: /Users/MMONZO1/.m2/repository/com/browserstack/browserstack-java-sdk/1.21.0/browserstack-java-sdk-1.21.0.jar
11:39:41.967 [ApplicationImpl pooled thread 351] INFO  c.b.s.l.BrowserStackRunExtension - Replacing existing Browserstack SDK javaagent argline
11:39:41.967 [ApplicationImpl pooled thread 351] INFO  c.b.s.l.BrowserStackRunExtension - Plugin version: 2.0.3-IC
11:40:04.549 [ApplicationImpl pooled thread 347] INFO  c.b.s.l.BrowserStackRunExtension - junit
11:40:04.549 [ApplicationImpl pooled thread 347] INFO  com.browserstack.sdk.utils.Helpers - null
11:40:04.550 [ApplicationImpl pooled thread 347] INFO  com.browserstack.sdk.utils.Helpers - /Users/MMONZO1/.m2/repository/com/browserstack/browserstack-java-sdk/1.21.0/browserstack-java-sdk-1.21.0.jar
11:40:04.550 [ApplicationImpl pooled thread 347] INFO  c.b.s.l.BrowserStackRunExtension - Agent path: /Users/MMONZO1/.m2/repository/com/browserstack/browserstack-java-sdk/1.21.0/browserstack-java-sdk-1.21.0.jar
11:40:04.550 [ApplicationImpl pooled thread 347] INFO  c.b.s.l.BrowserStackRunExtension - Replacing existing Browserstack SDK javaagent argline
11:40:04.550 [ApplicationImpl pooled thread 347] INFO  c.b.s.l.BrowserStackRunExtension - Plugin version: 2.0.3-IC
11:42:47.826 [ApplicationImpl pooled thread 354] INFO  c.b.s.l.BrowserStackRunExtension - junit
11:42:47.826 [ApplicationImpl pooled thread 354] INFO  com.browserstack.sdk.utils.Helpers - null
11:42:47.829 [ApplicationImpl pooled thread 354] INFO  com.browserstack.sdk.utils.Helpers - /Users/MMONZO1/.m2/repository/com/browserstack/browserstack-java-sdk/1.21.0/browserstack-java-sdk-1.21.0.jar
11:42:47.829 [ApplicationImpl pooled thread 354] INFO  c.b.s.l.BrowserStackRunExtension - Agent path: /Users/MMONZO1/.m2/repository/com/browserstack/browserstack-java-sdk/1.21.0/browserstack-java-sdk-1.21.0.jar
11:42:47.829 [ApplicationImpl pooled thread 354] INFO  c.b.s.l.BrowserStackRunExtension - Replacing existing Browserstack SDK javaagent argline
11:42:47.829 [ApplicationImpl pooled thread 354] INFO  c.b.s.l.BrowserStackRunExtension - Plugin version: 2.0.3-IC
11:43:29.133 [ApplicationImpl pooled thread 354] INFO  c.b.s.l.BrowserStackRunExtension - junit
11:43:29.133 [ApplicationImpl pooled thread 354] INFO  com.browserstack.sdk.utils.Helpers - null
11:43:29.134 [ApplicationImpl pooled thread 354] INFO  com.browserstack.sdk.utils.Helpers - /Users/MMONZO1/.m2/repository/com/browserstack/browserstack-java-sdk/1.21.0/browserstack-java-sdk-1.21.0.jar
11:43:29.134 [ApplicationImpl pooled thread 354] INFO  c.b.s.l.BrowserStackRunExtension - Agent path: /Users/MMONZO1/.m2/repository/com/browserstack/browserstack-java-sdk/1.21.0/browserstack-java-sdk-1.21.0.jar
11:43:29.134 [ApplicationImpl pooled thread 354] INFO  c.b.s.l.BrowserStackRunExtension - Replacing existing Browserstack SDK javaagent argline
11:43:29.134 [ApplicationImpl pooled thread 354] INFO  c.b.s.l.BrowserStackRunExtension - Plugin version: 2.0.3-IC
11:43:55.326 [ApplicationImpl pooled thread 353] INFO  c.b.s.l.BrowserStackRunExtension - junit
11:43:55.327 [ApplicationImpl pooled thread 353] INFO  com.browserstack.sdk.utils.Helpers - null
11:43:55.327 [ApplicationImpl pooled thread 353] INFO  com.browserstack.sdk.utils.Helpers - /Users/MMONZO1/.m2/repository/com/browserstack/browserstack-java-sdk/1.21.0/browserstack-java-sdk-1.21.0.jar
11:43:55.327 [ApplicationImpl pooled thread 353] INFO  c.b.s.l.BrowserStackRunExtension - Agent path: /Users/MMONZO1/.m2/repository/com/browserstack/browserstack-java-sdk/1.21.0/browserstack-java-sdk-1.21.0.jar
11:43:55.327 [ApplicationImpl pooled thread 353] INFO  c.b.s.l.BrowserStackRunExtension - Replacing existing Browserstack SDK javaagent argline
11:43:55.327 [ApplicationImpl pooled thread 353] INFO  c.b.s.l.BrowserStackRunExtension - Plugin version: 2.0.3-IC
11:52:36.933 [ApplicationImpl pooled thread 349] INFO  c.b.s.l.BrowserStackRunExtension - junit
11:52:36.933 [ApplicationImpl pooled thread 349] INFO  com.browserstack.sdk.utils.Helpers - null
11:52:36.936 [ApplicationImpl pooled thread 349] INFO  com.browserstack.sdk.utils.Helpers - /Users/MMONZO1/.m2/repository/com/browserstack/browserstack-java-sdk/1.21.0/browserstack-java-sdk-1.21.0.jar
11:52:36.936 [ApplicationImpl pooled thread 349] INFO  c.b.s.l.BrowserStackRunExtension - Agent path: /Users/MMONZO1/.m2/repository/com/browserstack/browserstack-java-sdk/1.21.0/browserstack-java-sdk-1.21.0.jar
11:52:36.936 [ApplicationImpl pooled thread 349] INFO  c.b.s.l.BrowserStackRunExtension - Replacing existing Browserstack SDK javaagent argline
11:52:36.936 [ApplicationImpl pooled thread 349] INFO  c.b.s.l.BrowserStackRunExtension - Plugin version: 2.0.3-IC
11:53:38.094 [ApplicationImpl pooled thread 349] INFO  c.b.s.l.BrowserStackRunExtension - junit
11:53:38.094 [ApplicationImpl pooled thread 349] INFO  com.browserstack.sdk.utils.Helpers - null
11:53:38.097 [ApplicationImpl pooled thread 349] INFO  com.browserstack.sdk.utils.Helpers - /Users/MMONZO1/.m2/repository/com/browserstack/browserstack-java-sdk/1.21.0/browserstack-java-sdk-1.21.0.jar
11:53:38.097 [ApplicationImpl pooled thread 349] INFO  c.b.s.l.BrowserStackRunExtension - Agent path: /Users/MMONZO1/.m2/repository/com/browserstack/browserstack-java-sdk/1.21.0/browserstack-java-sdk-1.21.0.jar
11:53:38.097 [ApplicationImpl pooled thread 349] INFO  c.b.s.l.BrowserStackRunExtension - Replacing existing Browserstack SDK javaagent argline
11:53:38.097 [ApplicationImpl pooled thread 349] INFO  c.b.s.l.BrowserStackRunExtension - Plugin version: 2.0.3-IC
12:15:10.484 [ApplicationImpl pooled thread 369] INFO  c.b.s.l.BrowserStackRunExtension - junit
12:15:10.484 [ApplicationImpl pooled thread 369] INFO  com.browserstack.sdk.utils.Helpers - null
12:15:10.487 [ApplicationImpl pooled thread 369] INFO  com.browserstack.sdk.utils.Helpers - /Users/MMONZO1/.m2/repository/com/browserstack/browserstack-java-sdk/1.21.0/browserstack-java-sdk-1.21.0.jar
12:15:10.487 [ApplicationImpl pooled thread 369] INFO  c.b.s.l.BrowserStackRunExtension - Agent path: /Users/MMONZO1/.m2/repository/com/browserstack/browserstack-java-sdk/1.21.0/browserstack-java-sdk-1.21.0.jar
12:15:10.487 [ApplicationImpl pooled thread 369] INFO  c.b.s.l.BrowserStackRunExtension - Replacing existing Browserstack SDK javaagent argline
12:15:10.487 [ApplicationImpl pooled thread 369] INFO  c.b.s.l.BrowserStackRunExtension - Plugin version: 2.0.3-IC
12:17:24.813 [ApplicationImpl pooled thread 369] INFO  c.b.s.l.BrowserStackRunExtension - junit
12:17:24.813 [ApplicationImpl pooled thread 369] INFO  com.browserstack.sdk.utils.Helpers - null
12:17:24.814 [ApplicationImpl pooled thread 369] INFO  com.browserstack.sdk.utils.Helpers - /Users/MMONZO1/.m2/repository/com/browserstack/browserstack-java-sdk/1.21.0/browserstack-java-sdk-1.21.0.jar
12:17:24.814 [ApplicationImpl pooled thread 369] INFO  c.b.s.l.BrowserStackRunExtension - Agent path: /Users/MMONZO1/.m2/repository/com/browserstack/browserstack-java-sdk/1.21.0/browserstack-java-sdk-1.21.0.jar
12:17:24.814 [ApplicationImpl pooled thread 369] INFO  c.b.s.l.BrowserStackRunExtension - Replacing existing Browserstack SDK javaagent argline
12:17:24.814 [ApplicationImpl pooled thread 369] INFO  c.b.s.l.BrowserStackRunExtension - Plugin version: 2.0.3-IC
12:20:13.440 [ApplicationImpl pooled thread 372] INFO  c.b.s.l.BrowserStackRunExtension - junit
12:20:13.440 [ApplicationImpl pooled thread 372] INFO  com.browserstack.sdk.utils.Helpers - null
12:20:13.444 [ApplicationImpl pooled thread 372] INFO  com.browserstack.sdk.utils.Helpers - /Users/MMONZO1/.m2/repository/com/browserstack/browserstack-java-sdk/1.21.0/browserstack-java-sdk-1.21.0.jar
12:20:13.444 [ApplicationImpl pooled thread 372] INFO  c.b.s.l.BrowserStackRunExtension - Agent path: /Users/MMONZO1/.m2/repository/com/browserstack/browserstack-java-sdk/1.21.0/browserstack-java-sdk-1.21.0.jar
12:20:13.444 [ApplicationImpl pooled thread 372] INFO  c.b.s.l.BrowserStackRunExtension - Replacing existing Browserstack SDK javaagent argline
12:20:13.444 [ApplicationImpl pooled thread 372] INFO  c.b.s.l.BrowserStackRunExtension - Plugin version: 2.0.3-IC
12:24:39.983 [ApplicationImpl pooled thread 379] INFO  c.b.s.l.BrowserStackRunExtension - junit
12:24:39.984 [ApplicationImpl pooled thread 379] INFO  com.browserstack.sdk.utils.Helpers - null
12:24:39.987 [ApplicationImpl pooled thread 379] INFO  com.browserstack.sdk.utils.Helpers - /Users/MMONZO1/.m2/repository/com/browserstack/browserstack-java-sdk/1.21.0/browserstack-java-sdk-1.21.0.jar
12:24:39.987 [ApplicationImpl pooled thread 379] INFO  c.b.s.l.BrowserStackRunExtension - Agent path: /Users/MMONZO1/.m2/repository/com/browserstack/browserstack-java-sdk/1.21.0/browserstack-java-sdk-1.21.0.jar
12:24:39.987 [ApplicationImpl pooled thread 379] INFO  c.b.s.l.BrowserStackRunExtension - Replacing existing Browserstack SDK javaagent argline
12:24:39.987 [ApplicationImpl pooled thread 379] INFO  c.b.s.l.BrowserStackRunExtension - Plugin version: 2.0.3-IC
12:25:15.581 [ApplicationImpl pooled thread 372] INFO  c.b.s.l.BrowserStackRunExtension - junit
12:25:15.581 [ApplicationImpl pooled thread 372] INFO  com.browserstack.sdk.utils.Helpers - null
12:25:15.582 [ApplicationImpl pooled thread 372] INFO  com.browserstack.sdk.utils.Helpers - /Users/MMONZO1/.m2/repository/com/browserstack/browserstack-java-sdk/1.21.0/browserstack-java-sdk-1.21.0.jar
12:25:15.582 [ApplicationImpl pooled thread 372] INFO  c.b.s.l.BrowserStackRunExtension - Agent path: /Users/MMONZO1/.m2/repository/com/browserstack/browserstack-java-sdk/1.21.0/browserstack-java-sdk-1.21.0.jar
12:25:15.582 [ApplicationImpl pooled thread 372] INFO  c.b.s.l.BrowserStackRunExtension - Replacing existing Browserstack SDK javaagent argline
12:25:15.582 [ApplicationImpl pooled thread 372] INFO  c.b.s.l.BrowserStackRunExtension - Plugin version: 2.0.3-IC
12:34:50.354 [ApplicationImpl pooled thread 387] INFO  c.b.s.l.BrowserStackRunExtension - junit
12:34:50.354 [ApplicationImpl pooled thread 387] INFO  com.browserstack.sdk.utils.Helpers - null
12:34:50.357 [ApplicationImpl pooled thread 387] INFO  com.browserstack.sdk.utils.Helpers - /Users/MMONZO1/.m2/repository/com/browserstack/browserstack-java-sdk/1.21.0/browserstack-java-sdk-1.21.0.jar
12:34:50.357 [ApplicationImpl pooled thread 387] INFO  c.b.s.l.BrowserStackRunExtension - Agent path: /Users/MMONZO1/.m2/repository/com/browserstack/browserstack-java-sdk/1.21.0/browserstack-java-sdk-1.21.0.jar
12:34:50.357 [ApplicationImpl pooled thread 387] INFO  c.b.s.l.BrowserStackRunExtension - Replacing existing Browserstack SDK javaagent argline
12:34:50.357 [ApplicationImpl pooled thread 387] INFO  c.b.s.l.BrowserStackRunExtension - Plugin version: 2.0.3-IC
12:36:44.921 [ApplicationImpl pooled thread 391] INFO  c.b.s.l.BrowserStackRunExtension - junit
12:36:44.921 [ApplicationImpl pooled thread 391] INFO  com.browserstack.sdk.utils.Helpers - null
12:36:44.922 [ApplicationImpl pooled thread 391] INFO  c.b.s.l.BrowserStackRunExtension - Agent path: null
12:42:42.699 [ApplicationImpl pooled thread 391] INFO  c.b.s.l.BrowserStackRunExtension - junit
12:42:42.700 [ApplicationImpl pooled thread 391] INFO  com.browserstack.sdk.utils.Helpers - null
12:42:42.700 [ApplicationImpl pooled thread 391] INFO  c.b.s.l.BrowserStackRunExtension - Agent path: null
18:49:53.792 [ApplicationImpl pooled thread 530] INFO  c.b.s.l.BrowserStackRunExtension - junit
18:49:53.793 [ApplicationImpl pooled thread 530] INFO  com.browserstack.sdk.utils.Helpers - null
18:49:53.794 [ApplicationImpl pooled thread 530] INFO  c.b.s.l.BrowserStackRunExtension - Agent path: null
07:37:02.581 [ApplicationImpl pooled thread 752] INFO  c.b.s.l.BrowserStackRunExtension - junit
07:37:02.581 [ApplicationImpl pooled thread 752] INFO  com.browserstack.sdk.utils.Helpers - null
07:37:02.582 [ApplicationImpl pooled thread 752] INFO  c.b.s.l.BrowserStackRunExtension - Agent path: null
08:48:52.909 [ApplicationImpl pooled thread 788] INFO  c.b.s.l.BrowserStackRunExtension - junit
08:48:52.909 [ApplicationImpl pooled thread 788] INFO  com.browserstack.sdk.utils.Helpers - null
08:48:52.910 [ApplicationImpl pooled thread 788] INFO  c.b.s.l.BrowserStackRunExtension - Agent path: null
08:55:24.420 [ApplicationImpl pooled thread 786] INFO  c.b.s.l.BrowserStackRunExtension - junit
08:55:24.420 [ApplicationImpl pooled thread 786] INFO  com.browserstack.sdk.utils.Helpers - null
08:55:24.421 [ApplicationImpl pooled thread 786] INFO  c.b.s.l.BrowserStackRunExtension - Agent path: null
09:08:57.240 [ApplicationImpl pooled thread 786] INFO  c.b.s.l.BrowserStackRunExtension - junit
09:08:57.240 [ApplicationImpl pooled thread 786] INFO  com.browserstack.sdk.utils.Helpers - null
09:08:57.244 [ApplicationImpl pooled thread 786] INFO  c.b.s.l.BrowserStackRunExtension - Agent path: null
08:34:37.986 [AWT-EventQueue-0] INFO  c.b.sdk.actions.DisableBrowserStack - Setting disable browserstack run update
08:34:37.991 [AWT-EventQueue-0] INFO  c.b.sdk.actions.EnableBrowserStack - Setting enable browserstack run update
